// Vitest Snapshot v1, https://vitest.dev/guide/snapshot.html

exports[`Spinner > should render the default component 1`] = `
<body>
  <div>
    <div
      class="h-20 w-20 animate-spin rounded-full border-8 border-gray border-t-sky"
    />
  </div>
</body>
`;
